File name                              Size              
-----------------------------------    ---------------   
resources\                                               
   resources.xml                                 3,803   
   spr_light_grid.png                            2,818   
   spr_path.png                                  3,171   
   spr_torch.png                                 3,116   
resources\armor\                                         
resources\armor\helmet\                                  
   spr_helmet_idle_front.png                     2,889   
   spr_helmet_idle_side.png                      2,867   
   spr_helmet_walk_front.png                     3,007   
   spr_helmet_walk_side.png                      2,968   
resources\armor\legs\                                    
   spr_legs_idle_front.png                       2,869   
   spr_legs_idle_side.png                        2,879   
   spr_legs_walk_front.png                       2,970   
   spr_legs_walk_side.png                        3,035   
resources\armor\torso\                                   
   spr_torso_idle_front.png                      2,879   
   spr_torso_idle_side.png                       2,864   
   spr_torso_walk_front.png                      2,990   
   spr_torso_walk_side.png                       2,956   
resources\data\                                          
   level_data.txt                                1,480   
resources\enemies\                                       
resources\enemies\goblin\                                
   resources.xml                                   729   
   spr_idle_down.png                             2,985   
   spr_idle_left.png                             2,945   
   spr_idle_right.png                            2,942   
   spr_idle_up.png                               2,983   
   spr_walk_down.png                             3,367   
   spr_walk_left.png                             3,189   
   spr_walk_right.png                            3,202   
   spr_walk_up.png                               3,365   
resources\enemies\skeleton\                              
   resources.xml                                   729   
   spr_idle_down.png                             2,955   
   spr_idle_left.png                             2,915   
   spr_idle_right.png                            2,911   
   spr_idle_up.png                               2,940   
   spr_walk_down.png                             3,394   
   spr_walk_left.png                             3,126   
   spr_walk_right.png                            3,147   
   spr_walk_up.png                               3,360   
resources\enemies\slime\                                 
   resources.xml                                   729   
   spr_idle_down.png                             2,876   
   spr_idle_left.png                             2,887   
   spr_idle_right.png                            2,882   
   spr_idle_up.png                               2,887   
   spr_walk_down.png                             3,003   
   spr_walk_left.png                             3,142   
   spr_walk_right.png                            3,146   
   spr_walk_up.png                               2,998   
resources\fonts\                                         
   04B_03__.TTF                                 19,492   
   ADDSBP__.TTF                                 21,584   
   arial.ttf                                   367,112   
resources\loot\                                          
resources\loot\gem\                                      
   spr_pickup_gem.png                            3,088   
resources\loot\gold\                                     
   spr_pickup_gold_large.png                     3,036   
   spr_pickup_gold_medium.png                    3,007   
   spr_pickup_gold_small.png                     2,957   
resources\loot\heart\                                    
   spr_pickup_heart.png                          3,001   
resources\loot\key\                                      
   spr_pickup_key.png                            3,134   
resources\loot\potions\                                  
   spr_potion_attack.png                         3,181   
   spr_potion_defense.png                        3,223   
   spr_potion_dexterity.png                      3,181   
   spr_potion_health.png                         3,223   
   spr_potion_mana.png                           3,173   
   spr_potion_stamina.png                        3,176   
   spr_potion_strength.png                       3,179   
resources\music\                                         
   msc_main_track_1.wav                     48,112,818   
   msc_main_track_2.wav                     22,607,568   
   msc_main_track_3.wav                     34,703,516   
   msc_main_track_4.wav                     36,224,144   
resources\players\                                       
resources\players\archer\                                
   resources.xml                                   729   
   spr_idle_down.png                             3,043   
   spr_idle_left.png                             2,991   
   spr_idle_right.png                            3,002   
   spr_idle_up.png                               3,031   
   spr_walk_down.png                             3,401   
   spr_walk_left.png                             3,272   
   spr_walk_right.png                            3,305   
   spr_walk_up.png                               3,358   
resources\players\mage\                                  
   resources.xml                                   729   
   spr_idle_down.png                             2,989   
   spr_idle_left.png                             2,967   
   spr_idle_right.png                            2,977   
   spr_idle_up.png                               2,994   
   spr_walk_down.png                             3,384   
   spr_walk_left.png                             3,226   
   spr_walk_right.png                            3,242   
   spr_walk_up.png                               3,342   
resources\players\thief\                                 
   resources.xml                                   729   
   spr_idle_down.png                             3,016   
   spr_idle_left.png                             2,971   
   spr_idle_right.png                            2,957   
   spr_idle_up.png                               3,014   
   spr_walk_down.png                             3,368   
   spr_walk_left.png                             3,246   
   spr_walk_right.png                            3,223   
   spr_walk_up.png                               3,346   
resources\players\warrior\                               
   resources.xml                                   729   
   spr_idle_down.png                             3,040   
   spr_idle_left.png                             2,968   
   spr_idle_right.png                            2,955   
   spr_idle_up.png                               2,974   
   spr_walk_down.png                             3,339   
   spr_walk_left.png                             3,219   
   spr_walk_right.png                            3,243   
   spr_walk_up.png                               3,241   
resources\projectiles\                                   
   spr_arrow.png                                 2,947   
   spr_dagger.png                                2,877   
   spr_magic_ball.png                            2,973   
   spr_sword.png                                 2,920   
resources\sounds\                                        
   snd_coin_pickup.wav                          33,672   
   snd_enemy_dead.wav                           15,908   
   snd_fire.wav                                400,588   
   snd_gem_pickup.wav                           24,034   
   snd_key_pickup.wav                           37,844   
   snd_player_hit.wav                           16,300   
resources\tiles\                                         
   spr_tile_door_locked.png                      3,164   
   spr_tile_door_unlocked.png                    3,027   
   spr_tile_floor.png                            2,853   
   spr_tile_floor_alt.png                        2,928   
   spr_tile_wall_bottom_end.png                  2,942   
   spr_tile_wall_bottom_left.png                 3,053   
   spr_tile_wall_bottom_right.png                3,040   
   spr_tile_wall_bottom_t.png                    3,017   
   spr_tile_wall_entrance.png                    3,003   
   spr_tile_wall_intersection.png                2,955   
   spr_tile_wall_side.png                        2,913   
   spr_tile_wall_side_left_end.png               3,037   
   spr_tile_wall_side_left_t.png                 2,961   
   spr_tile_wall_side_right_end.png              3,064   
   spr_tile_wall_side_right_t.png                2,952   
   spr_tile_wall_single.png                      3,050   
   spr_tile_wall_top.png                         3,018   
   spr_tile_wall_top_end.png                     3,046   
   spr_tile_wall_top_left.png                    2,960   
   spr_tile_wall_top_right.png                   2,984   
   spr_tile_wall_top_t.png                       2,998   
resources\ui\                                            
   spr_aim.png                                   3,000   
   spr_archer_ui.png                             3,139   
   spr_attack_ui.png                             2,968   
   spr_attack_ui_alt.png                         2,928   
   spr_bar_outline.png                           2,874   
   spr_coin_ui.png                               2,972   
   spr_defense_ui.png                            2,949   
   spr_defense_ui_alt.png                        2,905   
   spr_dexterity_ui.png                          2,880   
   spr_dexterity_ui_alt.png                      2,884   
   spr_gem_ui.png                                3,039   
   spr_health_bar.png                            2,825   
   spr_heart.png                                 2,982   
   spr_key_ui.png                                3,074   
   spr_key_ui_transparent.png                    3,078   
   spr_mage_ui.png                               3,061   
   spr_mana_bar.png                              2,824   
   spr_spare_trait_ui.png                        2,941   
   spr_spare_trait_ui_alt.png                    2,929   
   spr_stamina_ui.png                            2,912   
   spr_stamina_ui_alt.png                        2,889   
   spr_strength_ui.png                           2,943   
   spr_strength_ui_alt.png                       2,902   
   spr_thief_ui.png                              3,112   
   spr_warrior_ui.png                            3,133   

total files 156    total size     143,002,819
